--------------------------------------------------------------------------------
Release 14.7 Trace  (nt64)
Copyright (c) 1995-2013 Xilinx, Inc.  All rights reserved.

D:\Xilinx\14.7\ISE_DS\ISE\bin\nt64\unwrapped\trce.exe -intstyle ise -v 3 -s 3
-n 3 -fastpaths -xml addsub32.twx addsub32.ncd -o addsub32.twr addsub32.pcf

Design file:              addsub32.ncd
Physical constraint file: addsub32.pcf
Device,package,speed:     xc6slx16,csg324,C,-3 (PRODUCTION 1.23 2013-10-13)
Report level:             verbose report

Environment Variable      Effect 
--------------------      ------ 
NONE                      No environment variables were set
--------------------------------------------------------------------------------

INFO:Timing:2698 - No timing constraints found, doing default enumeration.
INFO:Timing:3412 - To improve timing, see the Timing Closure User Guide (UG612).
INFO:Timing:2752 - To get complete path coverage, use the unconstrained paths 
   option. All paths that are not constrained will be reported in the 
   unconstrained paths section(s) of the report.
INFO:Timing:3339 - The clock-to-out numbers in this timing report are based on 
   a 50 Ohm transmission line loading model.  For the details of this model, 
   and for more information on accounting for different loading conditions, 
   please see the device datasheet.



Data Sheet report:
-----------------
All values displayed in nanoseconds (ns)

Pad to Pad
---------------+---------------+---------+
Source Pad     |Destination Pad|  Delay  |
---------------+---------------+---------+
a<0>           |s<0>           |   12.279|
a<0>           |s<1>           |   12.334|
a<0>           |s<2>           |   12.428|
a<0>           |s<3>           |   12.483|
a<0>           |s<4>           |   12.355|
a<0>           |s<5>           |   12.561|
a<0>           |s<6>           |   12.528|
a<0>           |s<7>           |   12.582|
a<0>           |s<8>           |   12.373|
a<0>           |s<9>           |   12.303|
a<0>           |s<10>          |   12.270|
a<0>           |s<11>          |   11.963|
a<0>           |s<12>          |   11.616|
a<0>           |s<13>          |   11.549|
a<0>           |s<14>          |   11.518|
a<0>           |s<15>          |   11.727|
a<0>           |s<16>          |   11.484|
a<0>           |s<17>          |   11.601|
a<0>           |s<18>          |   11.989|
a<0>           |s<19>          |   11.555|
a<0>           |s<20>          |   11.549|
a<0>           |s<21>          |   11.680|
a<0>           |s<22>          |   11.696|
a<0>           |s<23>          |   11.712|
a<0>           |s<24>          |   12.216|
a<0>           |s<25>          |   11.703|
a<0>           |s<26>          |   11.954|
a<0>           |s<27>          |   12.181|
a<0>           |s<28>          |   12.216|
a<0>           |s<29>          |   12.336|
a<0>           |s<30>          |   12.305|
a<0>           |s<31>          |   12.709|
a<1>           |s<1>           |   11.866|
a<1>           |s<2>           |   12.015|
a<1>           |s<3>           |   12.086|
a<1>           |s<4>           |   11.947|
a<1>           |s<5>           |   12.153|
a<1>           |s<6>           |   12.120|
a<1>           |s<7>           |   12.174|
a<1>           |s<8>           |   11.965|
a<1>           |s<9>           |   11.895|
a<1>           |s<10>          |   11.862|
a<1>           |s<11>          |   11.555|
a<1>           |s<12>          |   11.208|
a<1>           |s<13>          |   11.141|
a<1>           |s<14>          |   11.110|
a<1>           |s<15>          |   11.319|
a<1>           |s<16>          |   11.076|
a<1>           |s<17>          |   11.193|
a<1>           |s<18>          |   11.581|
a<1>           |s<19>          |   11.147|
a<1>           |s<20>          |   11.141|
a<1>           |s<21>          |   11.272|
a<1>           |s<22>          |   11.288|
a<1>           |s<23>          |   11.304|
a<1>           |s<24>          |   11.808|
a<1>           |s<25>          |   11.295|
a<1>           |s<26>          |   11.546|
a<1>           |s<27>          |   11.773|
a<1>           |s<28>          |   11.808|
a<1>           |s<29>          |   11.928|
a<1>           |s<30>          |   11.897|
a<1>           |s<31>          |   12.301|
a<2>           |s<2>           |   11.476|
a<2>           |s<3>           |   11.524|
a<2>           |s<4>           |   11.418|
a<2>           |s<5>           |   11.624|
a<2>           |s<6>           |   11.591|
a<2>           |s<7>           |   11.645|
a<2>           |s<8>           |   11.436|
a<2>           |s<9>           |   11.366|
a<2>           |s<10>          |   11.333|
a<2>           |s<11>          |   11.026|
a<2>           |s<12>          |   10.679|
a<2>           |s<13>          |   10.612|
a<2>           |s<14>          |   10.581|
a<2>           |s<15>          |   10.790|
a<2>           |s<16>          |   10.547|
a<2>           |s<17>          |   10.664|
a<2>           |s<18>          |   11.052|
a<2>           |s<19>          |   10.618|
a<2>           |s<20>          |   10.612|
a<2>           |s<21>          |   10.743|
a<2>           |s<22>          |   10.759|
a<2>           |s<23>          |   10.775|
a<2>           |s<24>          |   11.279|
a<2>           |s<25>          |   10.766|
a<2>           |s<26>          |   11.017|
a<2>           |s<27>          |   11.244|
a<2>           |s<28>          |   11.279|
a<2>           |s<29>          |   11.399|
a<2>           |s<30>          |   11.368|
a<2>           |s<31>          |   11.772|
a<3>           |s<3>           |   11.326|
a<3>           |s<4>           |   11.246|
a<3>           |s<5>           |   11.452|
a<3>           |s<6>           |   11.419|
a<3>           |s<7>           |   11.473|
a<3>           |s<8>           |   11.264|
a<3>           |s<9>           |   11.194|
a<3>           |s<10>          |   11.161|
a<3>           |s<11>          |   10.854|
a<3>           |s<12>          |   10.507|
a<3>           |s<13>          |   10.440|
a<3>           |s<14>          |   10.409|
a<3>           |s<15>          |   10.618|
a<3>           |s<16>          |   10.375|
a<3>           |s<17>          |   10.492|
a<3>           |s<18>          |   10.880|
a<3>           |s<19>          |   10.446|
a<3>           |s<20>          |   10.440|
a<3>           |s<21>          |   10.571|
a<3>           |s<22>          |   10.587|
a<3>           |s<23>          |   10.603|
a<3>           |s<24>          |   11.107|
a<3>           |s<25>          |   10.594|
a<3>           |s<26>          |   10.845|
a<3>           |s<27>          |   11.072|
a<3>           |s<28>          |   11.107|
a<3>           |s<29>          |   11.227|
a<3>           |s<30>          |   11.196|
a<3>           |s<31>          |   11.600|
a<4>           |s<4>           |   11.395|
a<4>           |s<5>           |   11.580|
a<4>           |s<6>           |   11.676|
a<4>           |s<7>           |   11.718|
a<4>           |s<8>           |   11.548|
a<4>           |s<9>           |   11.478|
a<4>           |s<10>          |   11.445|
a<4>           |s<11>          |   11.138|
a<4>           |s<12>          |   10.791|
a<4>           |s<13>          |   10.724|
a<4>           |s<14>          |   10.693|
a<4>           |s<15>          |   10.902|
a<4>           |s<16>          |   10.659|
a<4>           |s<17>          |   10.776|
a<4>           |s<18>          |   11.164|
a<4>           |s<19>          |   10.730|
a<4>           |s<20>          |   10.724|
a<4>           |s<21>          |   10.855|
a<4>           |s<22>          |   10.871|
a<4>           |s<23>          |   10.887|
a<4>           |s<24>          |   11.391|
a<4>           |s<25>          |   10.878|
a<4>           |s<26>          |   11.129|
a<4>           |s<27>          |   11.356|
a<4>           |s<28>          |   11.391|
a<4>           |s<29>          |   11.511|
a<4>           |s<30>          |   11.480|
a<4>           |s<31>          |   11.884|
a<5>           |s<5>           |   11.216|
a<5>           |s<6>           |   11.445|
a<5>           |s<7>           |   11.489|
a<5>           |s<8>           |   11.290|
a<5>           |s<9>           |   11.220|
a<5>           |s<10>          |   11.187|
a<5>           |s<11>          |   10.880|
a<5>           |s<12>          |   10.533|
a<5>           |s<13>          |   10.466|
a<5>           |s<14>          |   10.435|
a<5>           |s<15>          |   10.644|
a<5>           |s<16>          |   10.401|
a<5>           |s<17>          |   10.518|
a<5>           |s<18>          |   10.906|
a<5>           |s<19>          |   10.472|
a<5>           |s<20>          |   10.466|
a<5>           |s<21>          |   10.597|
a<5>           |s<22>          |   10.613|
a<5>           |s<23>          |   10.629|
a<5>           |s<24>          |   11.133|
a<5>           |s<25>          |   10.620|
a<5>           |s<26>          |   10.871|
a<5>           |s<27>          |   11.098|
a<5>           |s<28>          |   11.133|
a<5>           |s<29>          |   11.253|
a<5>           |s<30>          |   11.222|
a<5>           |s<31>          |   11.626|
a<6>           |s<6>           |   11.260|
a<6>           |s<7>           |   11.295|
a<6>           |s<8>           |   11.154|
a<6>           |s<9>           |   11.084|
a<6>           |s<10>          |   11.051|
a<6>           |s<11>          |   10.744|
a<6>           |s<12>          |   10.397|
a<6>           |s<13>          |   10.330|
a<6>           |s<14>          |   10.299|
a<6>           |s<15>          |   10.508|
a<6>           |s<16>          |   10.265|
a<6>           |s<17>          |   10.382|
a<6>           |s<18>          |   10.770|
a<6>           |s<19>          |   10.336|
a<6>           |s<20>          |   10.330|
a<6>           |s<21>          |   10.461|
a<6>           |s<22>          |   10.477|
a<6>           |s<23>          |   10.493|
a<6>           |s<24>          |   10.997|
a<6>           |s<25>          |   10.484|
a<6>           |s<26>          |   10.735|
a<6>           |s<27>          |   10.962|
a<6>           |s<28>          |   10.997|
a<6>           |s<29>          |   11.117|
a<6>           |s<30>          |   11.086|
a<6>           |s<31>          |   11.490|
a<7>           |s<7>           |   11.199|
a<7>           |s<8>           |   11.084|
a<7>           |s<9>           |   11.014|
a<7>           |s<10>          |   10.981|
a<7>           |s<11>          |   10.674|
a<7>           |s<12>          |   10.327|
a<7>           |s<13>          |   10.260|
a<7>           |s<14>          |   10.229|
a<7>           |s<15>          |   10.438|
a<7>           |s<16>          |   10.195|
a<7>           |s<17>          |   10.312|
a<7>           |s<18>          |   10.700|
a<7>           |s<19>          |   10.266|
a<7>           |s<20>          |   10.260|
a<7>           |s<21>          |   10.391|
a<7>           |s<22>          |   10.407|
a<7>           |s<23>          |   10.423|
a<7>           |s<24>          |   10.927|
a<7>           |s<25>          |   10.414|
a<7>           |s<26>          |   10.665|
a<7>           |s<27>          |   10.892|
a<7>           |s<28>          |   10.927|
a<7>           |s<29>          |   11.047|
a<7>           |s<30>          |   11.016|
a<7>           |s<31>          |   11.420|
a<8>           |s<8>           |   10.895|
a<8>           |s<9>           |   10.804|
a<8>           |s<10>          |   10.900|
a<8>           |s<11>          |   10.581|
a<8>           |s<12>          |   10.273|
a<8>           |s<13>          |   10.206|
a<8>           |s<14>          |   10.175|
a<8>           |s<15>          |   10.384|
a<8>           |s<16>          |   10.141|
a<8>           |s<17>          |   10.258|
a<8>           |s<18>          |   10.646|
a<8>           |s<19>          |   10.212|
a<8>           |s<20>          |   10.206|
a<8>           |s<21>          |   10.337|
a<8>           |s<22>          |   10.353|
a<8>           |s<23>          |   10.369|
a<8>           |s<24>          |   10.873|
a<8>           |s<25>          |   10.360|
a<8>           |s<26>          |   10.611|
a<8>           |s<27>          |   10.838|
a<8>           |s<28>          |   10.873|
a<8>           |s<29>          |   10.993|
a<8>           |s<30>          |   10.962|
a<8>           |s<31>          |   11.366|
a<9>           |s<9>           |   11.220|
a<9>           |s<10>          |   11.368|
a<9>           |s<11>          |   11.065|
a<9>           |s<12>          |   10.753|
a<9>           |s<13>          |   10.686|
a<9>           |s<14>          |   10.655|
a<9>           |s<15>          |   10.864|
a<9>           |s<16>          |   10.621|
a<9>           |s<17>          |   10.738|
a<9>           |s<18>          |   11.126|
a<9>           |s<19>          |   10.692|
a<9>           |s<20>          |   10.686|
a<9>           |s<21>          |   10.817|
a<9>           |s<22>          |   10.833|
a<9>           |s<23>          |   10.849|
a<9>           |s<24>          |   11.353|
a<9>           |s<25>          |   10.840|
a<9>           |s<26>          |   11.091|
a<9>           |s<27>          |   11.318|
a<9>           |s<28>          |   11.353|
a<9>           |s<29>          |   11.473|
a<9>           |s<30>          |   11.442|
a<9>           |s<31>          |   11.846|
a<10>          |s<10>          |   10.725|
a<10>          |s<11>          |   10.399|
a<10>          |s<12>          |   10.120|
a<10>          |s<13>          |   10.053|
a<10>          |s<14>          |   10.022|
a<10>          |s<15>          |   10.231|
a<10>          |s<16>          |    9.988|
a<10>          |s<17>          |   10.105|
a<10>          |s<18>          |   10.493|
a<10>          |s<19>          |   10.059|
a<10>          |s<20>          |   10.053|
a<10>          |s<21>          |   10.184|
a<10>          |s<22>          |   10.200|
a<10>          |s<23>          |   10.216|
a<10>          |s<24>          |   10.720|
a<10>          |s<25>          |   10.207|
a<10>          |s<26>          |   10.458|
a<10>          |s<27>          |   10.685|
a<10>          |s<28>          |   10.720|
a<10>          |s<29>          |   10.840|
a<10>          |s<30>          |   10.809|
a<10>          |s<31>          |   11.213|
a<11>          |s<11>          |   10.383|
a<11>          |s<12>          |   10.130|
a<11>          |s<13>          |   10.063|
a<11>          |s<14>          |   10.032|
a<11>          |s<15>          |   10.241|
a<11>          |s<16>          |    9.998|
a<11>          |s<17>          |   10.115|
a<11>          |s<18>          |   10.503|
a<11>          |s<19>          |   10.069|
a<11>          |s<20>          |   10.063|
a<11>          |s<21>          |   10.194|
a<11>          |s<22>          |   10.210|
a<11>          |s<23>          |   10.226|
a<11>          |s<24>          |   10.730|
a<11>          |s<25>          |   10.217|
a<11>          |s<26>          |   10.468|
a<11>          |s<27>          |   10.695|
a<11>          |s<28>          |   10.730|
a<11>          |s<29>          |   10.850|
a<11>          |s<30>          |   10.819|
a<11>          |s<31>          |   11.223|
a<12>          |s<12>          |    9.572|
a<12>          |s<13>          |    9.484|
a<12>          |s<14>          |    9.582|
a<12>          |s<15>          |    9.779|
a<12>          |s<16>          |    9.575|
a<12>          |s<17>          |    9.692|
a<12>          |s<18>          |   10.080|
a<12>          |s<19>          |    9.646|
a<12>          |s<20>          |    9.640|
a<12>          |s<21>          |    9.771|
a<12>          |s<22>          |    9.787|
a<12>          |s<23>          |    9.803|
a<12>          |s<24>          |   10.307|
a<12>          |s<25>          |    9.794|
a<12>          |s<26>          |   10.045|
a<12>          |s<27>          |   10.272|
a<12>          |s<28>          |   10.307|
a<12>          |s<29>          |   10.427|
a<12>          |s<30>          |   10.396|
a<12>          |s<31>          |   10.800|
a<13>          |s<13>          |    9.321|
a<13>          |s<14>          |    9.471|
a<13>          |s<15>          |    9.684|
a<13>          |s<16>          |    9.476|
a<13>          |s<17>          |    9.593|
a<13>          |s<18>          |    9.981|
a<13>          |s<19>          |    9.547|
a<13>          |s<20>          |    9.541|
a<13>          |s<21>          |    9.672|
a<13>          |s<22>          |    9.688|
a<13>          |s<23>          |    9.704|
a<13>          |s<24>          |   10.208|
a<13>          |s<25>          |    9.695|
a<13>          |s<26>          |    9.946|
a<13>          |s<27>          |   10.173|
a<13>          |s<28>          |   10.208|
a<13>          |s<29>          |   10.328|
a<13>          |s<30>          |   10.297|
a<13>          |s<31>          |   10.701|
a<14>          |s<14>          |    9.356|
a<14>          |s<15>          |    9.546|
a<14>          |s<16>          |    9.371|
a<14>          |s<17>          |    9.488|
a<14>          |s<18>          |    9.876|
a<14>          |s<19>          |    9.442|
a<14>          |s<20>          |    9.436|
a<14>          |s<21>          |    9.567|
a<14>          |s<22>          |    9.583|
a<14>          |s<23>          |    9.599|
a<14>          |s<24>          |   10.103|
a<14>          |s<25>          |    9.590|
a<14>          |s<26>          |    9.841|
a<14>          |s<27>          |   10.068|
a<14>          |s<28>          |   10.103|
a<14>          |s<29>          |   10.223|
a<14>          |s<30>          |   10.192|
a<14>          |s<31>          |   10.596|
a<15>          |s<15>          |    9.748|
a<15>          |s<16>          |    9.599|
a<15>          |s<17>          |    9.716|
a<15>          |s<18>          |   10.104|
a<15>          |s<19>          |    9.670|
a<15>          |s<20>          |    9.664|
a<15>          |s<21>          |    9.795|
a<15>          |s<22>          |    9.811|
a<15>          |s<23>          |    9.827|
a<15>          |s<24>          |   10.331|
a<15>          |s<25>          |    9.818|
a<15>          |s<26>          |   10.069|
a<15>          |s<27>          |   10.296|
a<15>          |s<28>          |   10.331|
a<15>          |s<29>          |   10.451|
a<15>          |s<30>          |   10.420|
a<15>          |s<31>          |   10.824|
a<16>          |s<16>          |    9.217|
a<16>          |s<17>          |    9.313|
a<16>          |s<18>          |    9.830|
a<16>          |s<19>          |    9.384|
a<16>          |s<20>          |    9.417|
a<16>          |s<21>          |    9.548|
a<16>          |s<22>          |    9.564|
a<16>          |s<23>          |    9.580|
a<16>          |s<24>          |   10.084|
a<16>          |s<25>          |    9.571|
a<16>          |s<26>          |    9.822|
a<16>          |s<27>          |   10.049|
a<16>          |s<28>          |   10.084|
a<16>          |s<29>          |   10.204|
a<16>          |s<30>          |   10.173|
a<16>          |s<31>          |   10.577|
a<17>          |s<17>          |    9.275|
a<17>          |s<18>          |    9.844|
a<17>          |s<19>          |    9.414|
a<17>          |s<20>          |    9.443|
a<17>          |s<21>          |    9.574|
a<17>          |s<22>          |    9.590|
a<17>          |s<23>          |    9.606|
a<17>          |s<24>          |   10.110|
a<17>          |s<25>          |    9.597|
a<17>          |s<26>          |    9.848|
a<17>          |s<27>          |   10.075|
a<17>          |s<28>          |   10.110|
a<17>          |s<29>          |   10.230|
a<17>          |s<30>          |   10.199|
a<17>          |s<31>          |   10.603|
a<18>          |s<18>          |   10.002|
a<18>          |s<19>          |    9.549|
a<18>          |s<20>          |    9.611|
a<18>          |s<21>          |    9.742|
a<18>          |s<22>          |    9.758|
a<18>          |s<23>          |    9.774|
a<18>          |s<24>          |   10.278|
a<18>          |s<25>          |    9.765|
a<18>          |s<26>          |   10.016|
a<18>          |s<27>          |   10.243|
a<18>          |s<28>          |   10.278|
a<18>          |s<29>          |   10.398|
a<18>          |s<30>          |   10.367|
a<18>          |s<31>          |   10.771|
a<19>          |s<19>          |    9.409|
a<19>          |s<20>          |    9.621|
a<19>          |s<21>          |    9.752|
a<19>          |s<22>          |    9.768|
a<19>          |s<23>          |    9.784|
a<19>          |s<24>          |   10.288|
a<19>          |s<25>          |    9.775|
a<19>          |s<26>          |   10.026|
a<19>          |s<27>          |   10.253|
a<19>          |s<28>          |   10.288|
a<19>          |s<29>          |   10.408|
a<19>          |s<30>          |   10.377|
a<19>          |s<31>          |   10.781|
a<20>          |s<20>          |    8.727|
a<20>          |s<21>          |    8.837|
a<20>          |s<22>          |    8.982|
a<20>          |s<23>          |    8.986|
a<20>          |s<24>          |    9.529|
a<20>          |s<25>          |    9.016|
a<20>          |s<26>          |    9.267|
a<20>          |s<27>          |    9.494|
a<20>          |s<28>          |    9.529|
a<20>          |s<29>          |    9.649|
a<20>          |s<30>          |    9.618|
a<20>          |s<31>          |   10.022|
a<21>          |s<21>          |    9.114|
a<21>          |s<22>          |    9.311|
a<21>          |s<23>          |    9.331|
a<21>          |s<24>          |    9.870|
a<21>          |s<25>          |    9.357|
a<21>          |s<26>          |    9.608|
a<21>          |s<27>          |    9.835|
a<21>          |s<28>          |    9.870|
a<21>          |s<29>          |    9.990|
a<21>          |s<30>          |    9.959|
a<21>          |s<31>          |   10.363|
a<22>          |s<22>          |    9.113|
a<22>          |s<23>          |    9.110|
a<22>          |s<24>          |    9.682|
a<22>          |s<25>          |    9.169|
a<22>          |s<26>          |    9.420|
a<22>          |s<27>          |    9.647|
a<22>          |s<28>          |    9.682|
a<22>          |s<29>          |    9.802|
a<22>          |s<30>          |    9.771|
a<22>          |s<31>          |   10.175|
a<23>          |s<23>          |    9.016|
a<23>          |s<24>          |    9.614|
a<23>          |s<25>          |    9.101|
a<23>          |s<26>          |    9.352|
a<23>          |s<27>          |    9.579|
a<23>          |s<28>          |    9.614|
a<23>          |s<29>          |    9.734|
a<23>          |s<30>          |    9.703|
a<23>          |s<31>          |   10.107|
a<24>          |s<24>          |    9.637|
a<24>          |s<25>          |    9.103|
a<24>          |s<26>          |    9.483|
a<24>          |s<27>          |    9.698|
a<24>          |s<28>          |    9.772|
a<24>          |s<29>          |    9.892|
a<24>          |s<30>          |    9.861|
a<24>          |s<31>          |   10.265|
a<25>          |s<25>          |    8.975|
a<25>          |s<26>          |    9.407|
a<25>          |s<27>          |    9.638|
a<25>          |s<28>          |    9.708|
a<25>          |s<29>          |    9.828|
a<25>          |s<30>          |    9.797|
a<25>          |s<31>          |   10.201|
a<26>          |s<26>          |    9.203|
a<26>          |s<27>          |    9.411|
a<26>          |s<28>          |    9.514|
a<26>          |s<29>          |    9.634|
a<26>          |s<30>          |    9.603|
a<26>          |s<31>          |   10.007|
a<27>          |s<27>          |    9.165|
a<27>          |s<28>          |    9.294|
a<27>          |s<29>          |    9.414|
a<27>          |s<30>          |    9.383|
a<27>          |s<31>          |    9.787|
a<28>          |s<28>          |    9.445|
a<28>          |s<29>          |    9.544|
a<28>          |s<30>          |    9.642|
a<28>          |s<31>          |   10.034|
a<29>          |s<29>          |    9.500|
a<29>          |s<30>          |    9.650|
a<29>          |s<31>          |   10.058|
a<30>          |s<30>          |    9.559|
a<30>          |s<31>          |    9.944|
a<31>          |s<31>          |    9.721|
b<0>           |s<0>           |   11.566|
b<0>           |s<1>           |   11.618|
b<0>           |s<2>           |   11.715|
b<0>           |s<3>           |   11.770|
b<0>           |s<4>           |   11.635|
b<0>           |s<5>           |   11.841|
b<0>           |s<6>           |   11.808|
b<0>           |s<7>           |   11.862|
b<0>           |s<8>           |   11.653|
b<0>           |s<9>           |   11.583|
b<0>           |s<10>          |   11.550|
b<0>           |s<11>          |   11.243|
b<0>           |s<12>          |   10.896|
b<0>           |s<13>          |   10.829|
b<0>           |s<14>          |   10.798|
b<0>           |s<15>          |   11.007|
b<0>           |s<16>          |   10.764|
b<0>           |s<17>          |   10.881|
b<0>           |s<18>          |   11.269|
b<0>           |s<19>          |   10.835|
b<0>           |s<20>          |   10.829|
b<0>           |s<21>          |   10.960|
b<0>           |s<22>          |   10.976|
b<0>           |s<23>          |   10.992|
b<0>           |s<24>          |   11.496|
b<0>           |s<25>          |   10.983|
b<0>           |s<26>          |   11.234|
b<0>           |s<27>          |   11.461|
b<0>           |s<28>          |   11.496|
b<0>           |s<29>          |   11.616|
b<0>           |s<30>          |   11.585|
b<0>           |s<31>          |   11.989|
b<1>           |s<1>           |   11.266|
b<1>           |s<2>           |   11.415|
b<1>           |s<3>           |   11.486|
b<1>           |s<4>           |   11.347|
b<1>           |s<5>           |   11.553|
b<1>           |s<6>           |   11.520|
b<1>           |s<7>           |   11.574|
b<1>           |s<8>           |   11.365|
b<1>           |s<9>           |   11.295|
b<1>           |s<10>          |   11.262|
b<1>           |s<11>          |   10.955|
b<1>           |s<12>          |   10.608|
b<1>           |s<13>          |   10.541|
b<1>           |s<14>          |   10.510|
b<1>           |s<15>          |   10.719|
b<1>           |s<16>          |   10.476|
b<1>           |s<17>          |   10.593|
b<1>           |s<18>          |   10.981|
b<1>           |s<19>          |   10.547|
b<1>           |s<20>          |   10.541|
b<1>           |s<21>          |   10.672|
b<1>           |s<22>          |   10.688|
b<1>           |s<23>          |   10.704|
b<1>           |s<24>          |   11.208|
b<1>           |s<25>          |   10.695|
b<1>           |s<26>          |   10.946|
b<1>           |s<27>          |   11.173|
b<1>           |s<28>          |   11.208|
b<1>           |s<29>          |   11.328|
b<1>           |s<30>          |   11.297|
b<1>           |s<31>          |   11.701|
b<2>           |s<2>           |   10.997|
b<2>           |s<3>           |   11.045|
b<2>           |s<4>           |   10.939|
b<2>           |s<5>           |   11.145|
b<2>           |s<6>           |   11.112|
b<2>           |s<7>           |   11.166|
b<2>           |s<8>           |   10.957|
b<2>           |s<9>           |   10.887|
b<2>           |s<10>          |   10.854|
b<2>           |s<11>          |   10.547|
b<2>           |s<12>          |   10.200|
b<2>           |s<13>          |   10.133|
b<2>           |s<14>          |   10.102|
b<2>           |s<15>          |   10.311|
b<2>           |s<16>          |   10.068|
b<2>           |s<17>          |   10.185|
b<2>           |s<18>          |   10.573|
b<2>           |s<19>          |   10.139|
b<2>           |s<20>          |   10.133|
b<2>           |s<21>          |   10.264|
b<2>           |s<22>          |   10.280|
b<2>           |s<23>          |   10.296|
b<2>           |s<24>          |   10.800|
b<2>           |s<25>          |   10.287|
b<2>           |s<26>          |   10.538|
b<2>           |s<27>          |   10.765|
b<2>           |s<28>          |   10.800|
b<2>           |s<29>          |   10.920|
b<2>           |s<30>          |   10.889|
b<2>           |s<31>          |   11.293|
b<3>           |s<3>           |   11.300|
b<3>           |s<4>           |   11.220|
b<3>           |s<5>           |   11.426|
b<3>           |s<6>           |   11.393|
b<3>           |s<7>           |   11.447|
b<3>           |s<8>           |   11.238|
b<3>           |s<9>           |   11.168|
b<3>           |s<10>          |   11.135|
b<3>           |s<11>          |   10.828|
b<3>           |s<12>          |   10.481|
b<3>           |s<13>          |   10.414|
b<3>           |s<14>          |   10.383|
b<3>           |s<15>          |   10.592|
b<3>           |s<16>          |   10.349|
b<3>           |s<17>          |   10.466|
b<3>           |s<18>          |   10.854|
b<3>           |s<19>          |   10.420|
b<3>           |s<20>          |   10.414|
b<3>           |s<21>          |   10.545|
b<3>           |s<22>          |   10.561|
b<3>           |s<23>          |   10.577|
b<3>           |s<24>          |   11.081|
b<3>           |s<25>          |   10.568|
b<3>           |s<26>          |   10.819|
b<3>           |s<27>          |   11.046|
b<3>           |s<28>          |   11.081|
b<3>           |s<29>          |   11.201|
b<3>           |s<30>          |   11.170|
b<3>           |s<31>          |   11.574|
b<4>           |s<4>           |   11.468|
b<4>           |s<5>           |   11.653|
b<4>           |s<6>           |   11.749|
b<4>           |s<7>           |   11.791|
b<4>           |s<8>           |   11.621|
b<4>           |s<9>           |   11.551|
b<4>           |s<10>          |   11.518|
b<4>           |s<11>          |   11.211|
b<4>           |s<12>          |   10.864|
b<4>           |s<13>          |   10.797|
b<4>           |s<14>          |   10.766|
b<4>           |s<15>          |   10.975|
b<4>           |s<16>          |   10.732|
b<4>           |s<17>          |   10.849|
b<4>           |s<18>          |   11.237|
b<4>           |s<19>          |   10.803|
b<4>           |s<20>          |   10.797|
b<4>           |s<21>          |   10.928|
b<4>           |s<22>          |   10.944|
b<4>           |s<23>          |   10.960|
b<4>           |s<24>          |   11.464|
b<4>           |s<25>          |   10.951|
b<4>           |s<26>          |   11.202|
b<4>           |s<27>          |   11.429|
b<4>           |s<28>          |   11.464|
b<4>           |s<29>          |   11.584|
b<4>           |s<30>          |   11.553|
b<4>           |s<31>          |   11.957|
b<5>           |s<5>           |   10.937|
b<5>           |s<6>           |   11.085|
b<5>           |s<7>           |   11.143|
b<5>           |s<8>           |   10.969|
b<5>           |s<9>           |   10.899|
b<5>           |s<10>          |   10.866|
b<5>           |s<11>          |   10.559|
b<5>           |s<12>          |   10.212|
b<5>           |s<13>          |   10.145|
b<5>           |s<14>          |   10.114|
b<5>           |s<15>          |   10.323|
b<5>           |s<16>          |   10.080|
b<5>           |s<17>          |   10.197|
b<5>           |s<18>          |   10.585|
b<5>           |s<19>          |   10.151|
b<5>           |s<20>          |   10.145|
b<5>           |s<21>          |   10.276|
b<5>           |s<22>          |   10.292|
b<5>           |s<23>          |   10.308|
b<5>           |s<24>          |   10.812|
b<5>           |s<25>          |   10.299|
b<5>           |s<26>          |   10.550|
b<5>           |s<27>          |   10.777|
b<5>           |s<28>          |   10.812|
b<5>           |s<29>          |   10.932|
b<5>           |s<30>          |   10.901|
b<5>           |s<31>          |   11.305|
b<6>           |s<6>           |   11.152|
b<6>           |s<7>           |   11.187|
b<6>           |s<8>           |   11.046|
b<6>           |s<9>           |   10.976|
b<6>           |s<10>          |   10.943|
b<6>           |s<11>          |   10.636|
b<6>           |s<12>          |   10.289|
b<6>           |s<13>          |   10.222|
b<6>           |s<14>          |   10.191|
b<6>           |s<15>          |   10.400|
b<6>           |s<16>          |   10.157|
b<6>           |s<17>          |   10.274|
b<6>           |s<18>          |   10.662|
b<6>           |s<19>          |   10.228|
b<6>           |s<20>          |   10.222|
b<6>           |s<21>          |   10.353|
b<6>           |s<22>          |   10.369|
b<6>           |s<23>          |   10.385|
b<6>           |s<24>          |   10.889|
b<6>           |s<25>          |   10.376|
b<6>           |s<26>          |   10.627|
b<6>           |s<27>          |   10.854|
b<6>           |s<28>          |   10.889|
b<6>           |s<29>          |   11.009|
b<6>           |s<30>          |   10.978|
b<6>           |s<31>          |   11.382|
b<7>           |s<7>           |   11.405|
b<7>           |s<8>           |   11.290|
b<7>           |s<9>           |   11.220|
b<7>           |s<10>          |   11.187|
b<7>           |s<11>          |   10.880|
b<7>           |s<12>          |   10.533|
b<7>           |s<13>          |   10.466|
b<7>           |s<14>          |   10.435|
b<7>           |s<15>          |   10.644|
b<7>           |s<16>          |   10.401|
b<7>           |s<17>          |   10.518|
b<7>           |s<18>          |   10.906|
b<7>           |s<19>          |   10.472|
b<7>           |s<20>          |   10.466|
b<7>           |s<21>          |   10.597|
b<7>           |s<22>          |   10.613|
b<7>           |s<23>          |   10.629|
b<7>           |s<24>          |   11.133|
b<7>           |s<25>          |   10.620|
b<7>           |s<26>          |   10.871|
b<7>           |s<27>          |   11.098|
b<7>           |s<28>          |   11.133|
b<7>           |s<29>          |   11.253|
b<7>           |s<30>          |   11.222|
b<7>           |s<31>          |   11.626|
b<8>           |s<8>           |   11.299|
b<8>           |s<9>           |   11.208|
b<8>           |s<10>          |   11.304|
b<8>           |s<11>          |   10.985|
b<8>           |s<12>          |   10.677|
b<8>           |s<13>          |   10.610|
b<8>           |s<14>          |   10.579|
b<8>           |s<15>          |   10.788|
b<8>           |s<16>          |   10.545|
b<8>           |s<17>          |   10.662|
b<8>           |s<18>          |   11.050|
b<8>           |s<19>          |   10.616|
b<8>           |s<20>          |   10.610|
b<8>           |s<21>          |   10.741|
b<8>           |s<22>          |   10.757|
b<8>           |s<23>          |   10.773|
b<8>           |s<24>          |   11.277|
b<8>           |s<25>          |   10.764|
b<8>           |s<26>          |   11.015|
b<8>           |s<27>          |   11.242|
b<8>           |s<28>          |   11.277|
b<8>           |s<29>          |   11.397|
b<8>           |s<30>          |   11.366|
b<8>           |s<31>          |   11.770|
b<9>           |s<9>           |   10.840|
b<9>           |s<10>          |   10.988|
b<9>           |s<11>          |   10.685|
b<9>           |s<12>          |   10.373|
b<9>           |s<13>          |   10.306|
b<9>           |s<14>          |   10.275|
b<9>           |s<15>          |   10.484|
b<9>           |s<16>          |   10.241|
b<9>           |s<17>          |   10.358|
b<9>           |s<18>          |   10.746|
b<9>           |s<19>          |   10.312|
b<9>           |s<20>          |   10.306|
b<9>           |s<21>          |   10.437|
b<9>           |s<22>          |   10.453|
b<9>           |s<23>          |   10.469|
b<9>           |s<24>          |   10.973|
b<9>           |s<25>          |   10.460|
b<9>           |s<26>          |   10.711|
b<9>           |s<27>          |   10.938|
b<9>           |s<28>          |   10.973|
b<9>           |s<29>          |   11.093|
b<9>           |s<30>          |   11.062|
b<9>           |s<31>          |   11.466|
b<10>          |s<10>          |   10.966|
b<10>          |s<11>          |   10.640|
b<10>          |s<12>          |   10.361|
b<10>          |s<13>          |   10.294|
b<10>          |s<14>          |   10.263|
b<10>          |s<15>          |   10.472|
b<10>          |s<16>          |   10.229|
b<10>          |s<17>          |   10.346|
b<10>          |s<18>          |   10.734|
b<10>          |s<19>          |   10.300|
b<10>          |s<20>          |   10.294|
b<10>          |s<21>          |   10.425|
b<10>          |s<22>          |   10.441|
b<10>          |s<23>          |   10.457|
b<10>          |s<24>          |   10.961|
b<10>          |s<25>          |   10.448|
b<10>          |s<26>          |   10.699|
b<10>          |s<27>          |   10.926|
b<10>          |s<28>          |   10.961|
b<10>          |s<29>          |   11.081|
b<10>          |s<30>          |   11.050|
b<10>          |s<31>          |   11.454|
b<11>          |s<11>          |   10.934|
b<11>          |s<12>          |   10.681|
b<11>          |s<13>          |   10.614|
b<11>          |s<14>          |   10.583|
b<11>          |s<15>          |   10.792|
b<11>          |s<16>          |   10.549|
b<11>          |s<17>          |   10.666|
b<11>          |s<18>          |   11.054|
b<11>          |s<19>          |   10.620|
b<11>          |s<20>          |   10.614|
b<11>          |s<21>          |   10.745|
b<11>          |s<22>          |   10.761|
b<11>          |s<23>          |   10.777|
b<11>          |s<24>          |   11.281|
b<11>          |s<25>          |   10.768|
b<11>          |s<26>          |   11.019|
b<11>          |s<27>          |   11.246|
b<11>          |s<28>          |   11.281|
b<11>          |s<29>          |   11.401|
b<11>          |s<30>          |   11.370|
b<11>          |s<31>          |   11.774|
b<12>          |s<12>          |    9.571|
b<12>          |s<13>          |    9.483|
b<12>          |s<14>          |    9.581|
b<12>          |s<15>          |    9.778|
b<12>          |s<16>          |    9.574|
b<12>          |s<17>          |    9.691|
b<12>          |s<18>          |   10.079|
b<12>          |s<19>          |    9.645|
b<12>          |s<20>          |    9.639|
b<12>          |s<21>          |    9.770|
b<12>          |s<22>          |    9.786|
b<12>          |s<23>          |    9.802|
b<12>          |s<24>          |   10.306|
b<12>          |s<25>          |    9.793|
b<12>          |s<26>          |   10.044|
b<12>          |s<27>          |   10.271|
b<12>          |s<28>          |   10.306|
b<12>          |s<29>          |   10.426|
b<12>          |s<30>          |   10.395|
b<12>          |s<31>          |   10.799|
b<13>          |s<13>          |   10.267|
b<13>          |s<14>          |   10.417|
b<13>          |s<15>          |   10.630|
b<13>          |s<16>          |   10.422|
b<13>          |s<17>          |   10.539|
b<13>          |s<18>          |   10.927|
b<13>          |s<19>          |   10.493|
b<13>          |s<20>          |   10.487|
b<13>          |s<21>          |   10.618|
b<13>          |s<22>          |   10.634|
b<13>          |s<23>          |   10.650|
b<13>          |s<24>          |   11.154|
b<13>          |s<25>          |   10.641|
b<13>          |s<26>          |   10.892|
b<13>          |s<27>          |   11.119|
b<13>          |s<28>          |   11.154|
b<13>          |s<29>          |   11.274|
b<13>          |s<30>          |   11.243|
b<13>          |s<31>          |   11.647|
b<14>          |s<14>          |    9.451|
b<14>          |s<15>          |    9.641|
b<14>          |s<16>          |    9.466|
b<14>          |s<17>          |    9.583|
b<14>          |s<18>          |    9.971|
b<14>          |s<19>          |    9.537|
b<14>          |s<20>          |    9.531|
b<14>          |s<21>          |    9.662|
b<14>          |s<22>          |    9.678|
b<14>          |s<23>          |    9.694|
b<14>          |s<24>          |   10.198|
b<14>          |s<25>          |    9.685|
b<14>          |s<26>          |    9.936|
b<14>          |s<27>          |   10.163|
b<14>          |s<28>          |   10.198|
b<14>          |s<29>          |   10.318|
b<14>          |s<30>          |   10.287|
b<14>          |s<31>          |   10.691|
b<15>          |s<15>          |   10.067|
b<15>          |s<16>          |    9.918|
b<15>          |s<17>          |   10.035|
b<15>          |s<18>          |   10.423|
b<15>          |s<19>          |    9.989|
b<15>          |s<20>          |    9.983|
b<15>          |s<21>          |   10.114|
b<15>          |s<22>          |   10.130|
b<15>          |s<23>          |   10.146|
b<15>          |s<24>          |   10.650|
b<15>          |s<25>          |   10.137|
b<15>          |s<26>          |   10.388|
b<15>          |s<27>          |   10.615|
b<15>          |s<28>          |   10.650|
b<15>          |s<29>          |   10.770|
b<15>          |s<30>          |   10.739|
b<15>          |s<31>          |   11.143|
b<16>          |s<16>          |    9.710|
b<16>          |s<17>          |    9.806|
b<16>          |s<18>          |   10.323|
b<16>          |s<19>          |    9.877|
b<16>          |s<20>          |    9.910|
b<16>          |s<21>          |   10.041|
b<16>          |s<22>          |   10.057|
b<16>          |s<23>          |   10.073|
b<16>          |s<24>          |   10.577|
b<16>          |s<25>          |   10.064|
b<16>          |s<26>          |   10.315|
b<16>          |s<27>          |   10.542|
b<16>          |s<28>          |   10.577|
b<16>          |s<29>          |   10.697|
b<16>          |s<30>          |   10.666|
b<16>          |s<31>          |   11.070|
b<17>          |s<17>          |   10.200|
b<17>          |s<18>          |   10.769|
b<17>          |s<19>          |   10.339|
b<17>          |s<20>          |   10.368|
b<17>          |s<21>          |   10.499|
b<17>          |s<22>          |   10.515|
b<17>          |s<23>          |   10.531|
b<17>          |s<24>          |   11.035|
b<17>          |s<25>          |   10.522|
b<17>          |s<26>          |   10.773|
b<17>          |s<27>          |   11.000|
b<17>          |s<28>          |   11.035|
b<17>          |s<29>          |   11.155|
b<17>          |s<30>          |   11.124|
b<17>          |s<31>          |   11.528|
b<18>          |s<18>          |    9.840|
b<18>          |s<19>          |    9.387|
b<18>          |s<20>          |    9.449|
b<18>          |s<21>          |    9.580|
b<18>          |s<22>          |    9.596|
b<18>          |s<23>          |    9.612|
b<18>          |s<24>          |   10.116|
b<18>          |s<25>          |    9.603|
b<18>          |s<26>          |    9.854|
b<18>          |s<27>          |   10.081|
b<18>          |s<28>          |   10.116|
b<18>          |s<29>          |   10.236|
b<18>          |s<30>          |   10.205|
b<18>          |s<31>          |   10.609|
b<19>          |s<19>          |    9.871|
b<19>          |s<20>          |    9.959|
b<19>          |s<21>          |   10.090|
b<19>          |s<22>          |   10.106|
b<19>          |s<23>          |   10.122|
b<19>          |s<24>          |   10.626|
b<19>          |s<25>          |   10.113|
b<19>          |s<26>          |   10.364|
b<19>          |s<27>          |   10.591|
b<19>          |s<28>          |   10.626|
b<19>          |s<29>          |   10.746|
b<19>          |s<30>          |   10.715|
b<19>          |s<31>          |   11.119|
b<20>          |s<20>          |    9.888|
b<20>          |s<21>          |    9.998|
b<20>          |s<22>          |   10.143|
b<20>          |s<23>          |   10.147|
b<20>          |s<24>          |   10.690|
b<20>          |s<25>          |   10.177|
b<20>          |s<26>          |   10.428|
b<20>          |s<27>          |   10.655|
b<20>          |s<28>          |   10.690|
b<20>          |s<29>          |   10.810|
b<20>          |s<30>          |   10.779|
b<20>          |s<31>          |   11.183|
b<21>          |s<21>          |    9.807|
b<21>          |s<22>          |   10.004|
b<21>          |s<23>          |   10.024|
b<21>          |s<24>          |   10.563|
b<21>          |s<25>          |   10.050|
b<21>          |s<26>          |   10.301|
b<21>          |s<27>          |   10.528|
b<21>          |s<28>          |   10.563|
b<21>          |s<29>          |   10.683|
b<21>          |s<30>          |   10.652|
b<21>          |s<31>          |   11.056|
b<22>          |s<22>          |    9.984|
b<22>          |s<23>          |    9.981|
b<22>          |s<24>          |   10.553|
b<22>          |s<25>          |   10.040|
b<22>          |s<26>          |   10.291|
b<22>          |s<27>          |   10.518|
b<22>          |s<28>          |   10.553|
b<22>          |s<29>          |   10.673|
b<22>          |s<30>          |   10.642|
b<22>          |s<31>          |   11.046|
b<23>          |s<23>          |    9.969|
b<23>          |s<24>          |   10.567|
b<23>          |s<25>          |   10.054|
b<23>          |s<26>          |   10.305|
b<23>          |s<27>          |   10.532|
b<23>          |s<28>          |   10.567|
b<23>          |s<29>          |   10.687|
b<23>          |s<30>          |   10.656|
b<23>          |s<31>          |   11.060|
b<24>          |s<24>          |   10.490|
b<24>          |s<25>          |    9.956|
b<24>          |s<26>          |   10.336|
b<24>          |s<27>          |   10.551|
b<24>          |s<28>          |   10.625|
b<24>          |s<29>          |   10.745|
b<24>          |s<30>          |   10.714|
b<24>          |s<31>          |   11.118|
b<25>          |s<25>          |    9.672|
b<25>          |s<26>          |   10.104|
b<25>          |s<27>          |   10.335|
b<25>          |s<28>          |   10.405|
b<25>          |s<29>          |   10.525|
b<25>          |s<30>          |   10.494|
b<25>          |s<31>          |   10.898|
b<26>          |s<26>          |   10.227|
b<26>          |s<27>          |   10.435|
b<26>          |s<28>          |   10.538|
b<26>          |s<29>          |   10.658|
b<26>          |s<30>          |   10.627|
b<26>          |s<31>          |   11.031|
b<27>          |s<27>          |   10.340|
b<27>          |s<28>          |   10.469|
b<27>          |s<29>          |   10.589|
b<27>          |s<30>          |   10.558|
b<27>          |s<31>          |   10.962|
b<28>          |s<28>          |   10.165|
b<28>          |s<29>          |   10.264|
b<28>          |s<30>          |   10.362|
b<28>          |s<31>          |   10.754|
b<29>          |s<29>          |   10.423|
b<29>          |s<30>          |   10.573|
b<29>          |s<31>          |   10.981|
b<30>          |s<30>          |   10.223|
b<30>          |s<31>          |   10.608|
b<31>          |s<31>          |   10.599|
sub            |s<0>           |   12.244|
sub            |s<1>           |   12.296|
sub            |s<2>           |   12.393|
sub            |s<3>           |   12.462|
sub            |s<4>           |   12.382|
sub            |s<5>           |   12.588|
sub            |s<6>           |   12.555|
sub            |s<7>           |   12.609|
sub            |s<8>           |   12.400|
sub            |s<9>           |   12.330|
sub            |s<10>          |   12.297|
sub            |s<11>          |   11.990|
sub            |s<12>          |   11.643|
sub            |s<13>          |   11.576|
sub            |s<14>          |   11.545|
sub            |s<15>          |   11.754|
sub            |s<16>          |   11.511|
sub            |s<17>          |   11.628|
sub            |s<18>          |   12.016|
sub            |s<19>          |   11.582|
sub            |s<20>          |   11.576|
sub            |s<21>          |   11.707|
sub            |s<22>          |   11.723|
sub            |s<23>          |   11.739|
sub            |s<24>          |   12.243|
sub            |s<25>          |   11.730|
sub            |s<26>          |   11.981|
sub            |s<27>          |   12.208|
sub            |s<28>          |   12.243|
sub            |s<29>          |   12.363|
sub            |s<30>          |   12.332|
sub            |s<31>          |   12.736|
---------------+---------------+---------+


Analysis completed Fri Mar 28 10:14:47 2014 
--------------------------------------------------------------------------------

Trace Settings:
-------------------------
Trace Settings 

Peak Memory Usage: 216 MB



